main.c:98:5:main	8	static
main.c:204:6:HAL_TIM_PeriodElapsedCallback	56	static
main.c:247:7:conversionToMultiplier	24	static
main.c:263:7:conversionToTemperature	24	static
main.c:270:10:conversionToServo	16	static
main.c:274:9:PID	64	static
main.c:325:6:SystemClock_Config	88	static
main.c:364:13:MX_ADC_Init	16	static
main.c:439:13:MX_TIM2_Init	48	static
main.c:494:13:MX_TIM21_Init	32	static
main.c:534:13:MX_DMA_Init	16	static
main.c:551:13:MX_GPIO_Init	48	static
main.c:601:6:Error_Handler	8	static,ignoring_inline_asm
