../Core/Src/main.c:104:5:main	8	static
../Core/Src/main.c:230:6:HAL_TIM_PeriodElapsedCallback	56	static
../Core/Src/main.c:282:7:conversionToMultiplier	24	static
../Core/Src/main.c:298:7:conversionToTemperature	24	static
../Core/Src/main.c:305:10:conversionToServo	16	static
../Core/Src/main.c:309:9:PID	64	static
../Core/Src/main.c:360:6:SystemClock_Config	88	static
../Core/Src/main.c:402:13:MX_ADC_Init	16	static
../Core/Src/main.c:484:13:MX_TIM2_Init	48	static
../Core/Src/main.c:543:13:MX_TIM21_Init	32	static
../Core/Src/main.c:586:13:MX_DMA_Init	16	static
../Core/Src/main.c:604:13:MX_GPIO_Init	48	static
../Core/Src/main.c:653:6:Error_Handler	8	static,ignoring_inline_asm
