../Core/Display/an_disp.c:10:6:lcdSendHalf	16	static
../Core/Display/an_disp.c:19:6:lcdWriteByte	16	static
../Core/Display/an_disp.c:25:6:lcdWriteCmd	16	static
../Core/Display/an_disp.c:30:6:lcdChar	16	static
../Core/Display/an_disp.c:35:6:lcdInit	8	static
../Core/Display/an_disp.c:60:6:lcdClear	8	static
../Core/Display/an_disp.c:64:6:lcdLocate	16	static
../Core/Display/an_disp.c:84:6:lcdStr	16	static
../Core/Display/an_disp.c:89:6:lcdInt	48	static
../Core/Display/an_disp.c:97:6:floatToInts	40	static
../Core/Display/an_disp.c:111:6:lcdFloat	48	static
